[     642ms] [INFO] %cDownload the React DevTools for a better development experience: https://react.dev/link/react-devtools font-weight:bold @ http://localhost:3001/_next/static/chunks/node_modules_next_dist_1e8vcs8._.js:776
[     758ms] [LOG] [HMR] connected @ http://localhost:3001/_next/static/chunks/node_modules_next_dist_1e8vcs8._.js:776
[   45875ms] [LOG] [Fast Refresh] rebuilding @ http://localhost:3001/_next/static/chunks/node_modules_next_dist_1e8vcs8._.js:776
[   46260ms] [LOG] [Fast Refresh] done in 486ms @ http://localhost:3001/_next/static/chunks/node_modules_next_dist_1e8vcs8._.js:776
[   46507ms] [LOG] [Fast Refresh] rebuilding @ http://localhost:3001/_next/static/chunks/node_modules_next_dist_1e8vcs8._.js:776
[   46514ms] [LOG] [Fast Refresh] done in 108ms @ http://localhost:3001/_next/static/chunks/node_modules_next_dist_1e8vcs8._.js:776
[   46758ms] [LOG] [Fast Refresh] rebuilding @ http://localhost:3001/_next/static/chunks/node_modules_next_dist_1e8vcs8._.js:776
[   46915ms] [LOG] [Fast Refresh] done in 257ms @ http://localhost:3001/_next/static/chunks/node_modules_next_dist_1e8vcs8._.js:776
[  150573ms] [ERROR] WebSocket connection to 'ws://localhost:3001/_next/hmr?id=W8rKy0F4auufQF6-Za4o3' failed: Error in connection establishment: net::ERR_CONNECTION_REFUSED @ http://localhost:3001/_next/static/chunks/node_modules_next_dist_client_0_90u2t._.js:16256
[  151578ms] [ERROR] WebSocket connection to 'ws://localhost:3001/_next/hmr?id=W8rKy0F4auufQF6-Za4o3' failed: Error in connection establishment: net::ERR_CONNECTION_REFUSED @ http://localhost:3001/_next/static/chunks/node_modules_next_dist_client_0_90u2t._.js:16256
[  153110ms] [LOG] [HMR] connected @ http://localhost:3001/_next/static/chunks/node_modules_next_dist_1e8vcs8._.js:776
[  155258ms] [INFO] %cDownload the React DevTools for a better development experience: https://react.dev/link/react-devtools font-weight:bold @ http://localhost:3001/_next/static/chunks/node_modules_next_dist_1e8vcs8._.js:776
[  155534ms] [LOG] [HMR] connected @ http://localhost:3001/_next/static/chunks/node_modules_next_dist_1e8vcs8._.js:776
[  327838ms] [ERROR] WebSocket connection to 'ws://localhost:3001/_next/hmr?id=XXUC5k6gZQTEMuzRkVQpL' failed: Error in connection establishment: net::ERR_CONNECTION_REFUSED @ http://localhost:3001/_next/static/chunks/node_modules_next_dist_client_0_90u2t._.js:16256
[  328842ms] [ERROR] WebSocket connection to 'ws://localhost:3001/_next/hmr?id=XXUC5k6gZQTEMuzRkVQpL' failed: Error in connection establishment: net::ERR_CONNECTION_REFUSED @ http://localhost:3001/_next/static/chunks/node_modules_next_dist_client_0_90u2t._.js:16256
[  329848ms] [ERROR] WebSocket connection to 'ws://localhost:3001/_next/hmr?id=XXUC5k6gZQTEMuzRkVQpL' failed: Error in connection establishment: net::ERR_CONNECTION_REFUSED @ http://localhost:3001/_next/static/chunks/node_modules_next_dist_client_0_90u2t._.js:16256
[  330851ms] [ERROR] WebSocket connection to 'ws://localhost:3001/_next/hmr?id=XXUC5k6gZQTEMuzRkVQpL' failed: Error in connection establishment: net::ERR_CONNECTION_REFUSED @ http://localhost:3001/_next/static/chunks/node_modules_next_dist_client_0_90u2t._.js:16256
[  331856ms] [ERROR] WebSocket connection to 'ws://localhost:3001/_next/hmr?id=XXUC5k6gZQTEMuzRkVQpL' failed: Error in connection establishment: net::ERR_CONNECTION_REFUSED @ http://localhost:3001/_next/static/chunks/node_modules_next_dist_client_0_90u2t._.js:16256
[  336859ms] [ERROR] WebSocket connection to 'ws://localhost:3001/_next/hmr?id=XXUC5k6gZQTEMuzRkVQpL' failed: Error in connection establishment: net::ERR_CONNECTION_REFUSED @ http://localhost:3001/_next/static/chunks/node_modules_next_dist_client_0_90u2t._.js:16256
[  341865ms] [ERROR] WebSocket connection to 'ws://localhost:3001/_next/hmr?id=XXUC5k6gZQTEMuzRkVQpL' failed: Error in connection establishment: net::ERR_CONNECTION_REFUSED @ http://localhost:3001/_next/static/chunks/node_modules_next_dist_client_0_90u2t._.js:16256
[  346870ms] [ERROR] WebSocket connection to 'ws://localhost:3001/_next/hmr?id=XXUC5k6gZQTEMuzRkVQpL' failed: Error in connection establishment: net::ERR_CONNECTION_REFUSED @ http://localhost:3001/_next/static/chunks/node_modules_next_dist_client_0_90u2t._.js:16256
[  351875ms] [ERROR] WebSocket connection to 'ws://localhost:3001/_next/hmr?id=XXUC5k6gZQTEMuzRkVQpL' failed: Error in connection establishment: net::ERR_CONNECTION_REFUSED @ http://localhost:3001/_next/static/chunks/node_modules_next_dist_client_0_90u2t._.js:16256
[  356882ms] [ERROR] WebSocket connection to 'ws://localhost:3001/_next/hmr?id=XXUC5k6gZQTEMuzRkVQpL' failed: Error in connection establishment: net::ERR_CONNECTION_REFUSED @ http://localhost:3001/_next/static/chunks/node_modules_next_dist_client_0_90u2t._.js:16256
[  361888ms] [ERROR] WebSocket connection to 'ws://localhost:3001/_next/hmr?id=XXUC5k6gZQTEMuzRkVQpL' failed: Error in connection establishment: net::ERR_CONNECTION_REFUSED @ http://localhost:3001/_next/static/chunks/node_modules_next_dist_client_0_90u2t._.js:16256
[  366893ms] [ERROR] WebSocket connection to 'ws://localhost:3001/_next/hmr?id=XXUC5k6gZQTEMuzRkVQpL' failed: Error in connection establishment: net::ERR_CONNECTION_REFUSED @ http://localhost:3001/_next/static/chunks/node_modules_next_dist_client_0_90u2t._.js:16256
